=== S1 iid-v1 M1 run start Thu, Aug  6, 2026  4:29:55 PM ===
PYTHON_EXE C:\Users\ilove\AppData\Local\hermes\hermes-agent\venv\Scripts\python.exe
torch 2.12.0+cpu numpy 2.4.6 pandas 3.0.3
git 5a90f1f7ff50f20304fc997002195785752e52fe
[pq] train n7_f1_s42_rP ...
[pq] train n7_f1_s42_rQ ...
[pq] train n7_f2_s42_rP ...
[pq] train n7_f2_s42_rQ ...
[pq] train n7_f3_s42_rP ...
[pq] train n7_f3_s42_rQ ...
[pq] train n7_f4_s42_rP ...
[pq] train n7_f4_s42_rQ ...
[pq] train n7_f5_s42_rP ...
[pq] train n7_f5_s42_rQ ...
[pq] train n10_f1_s42_rP ...
[pq] train n10_f1_s42_rQ ...
[pq] train n10_f2_s42_rP ...
[pq] train n10_f2_s42_rQ ...
[pq] train n10_f3_s42_rP ...
[pq] train n10_f3_s42_rQ ...
[pq] train n10_f4_s42_rP ...
[pq] train n10_f4_s42_rQ ...
[pq] train n10_f5_s42_rP ...
[pq] train n10_f5_s42_rQ ...
[pq] train n15_f1_s42_rP ...
[pq] train n15_f1_s42_rQ ...
[pq] train n15_f2_s42_rP ...
[pq] train n15_f2_s42_rQ ...
[pq] train n15_f3_s42_rP ...
[pq] train n15_f3_s42_rQ ...
[pq] train n15_f4_s42_rP ...
[pq] train n15_f4_s42_rQ ...
[pq] train n15_f5_s42_rP ...
[pq] train n15_f5_s42_rQ ...
[pq] train n20_f1_s42_rP ...
[pq] train n20_f1_s42_rQ ...
[pq] train n20_f2_s42_rP ...
[pq] train n20_f2_s42_rQ ...
[pq] train n20_f3_s42_rP ...
[pq] train n20_f3_s42_rQ ...
[pq] train n20_f4_s42_rP ...
[pq] train n20_f4_s42_rQ ...
[pq] train n20_f5_s42_rP ...
[pq] train n20_f5_s42_rQ ...
[pq] train n7_f1_s2026_rP ...
[pq] train n7_f1_s2026_rQ ...
[pq] train n7_f2_s2026_rP ...
[pq] train n7_f2_s2026_rQ ...
[pq] train n7_f3_s2026_rP ...
[pq] train n7_f3_s2026_rQ ...
[pq] train n7_f4_s2026_rP ...
[pq] train n7_f4_s2026_rQ ...
[pq] train n7_f5_s2026_rP ...
[pq] train n7_f5_s2026_rQ ...
[pq] train n10_f1_s2026_rP ...
[pq] train n10_f1_s2026_rQ ...
[pq] train n10_f2_s2026_rP ...
[pq] train n10_f2_s2026_rQ ...
[pq] train n10_f3_s2026_rP ...
[pq] train n10_f3_s2026_rQ ...
[pq] train n10_f4_s2026_rP ...
[pq] train n10_f4_s2026_rQ ...
[pq] train n10_f5_s2026_rP ...
[pq] train n10_f5_s2026_rQ ...
[pq] train n15_f1_s2026_rP ...
[pq] train n15_f1_s2026_rQ ...
[pq] train n15_f2_s2026_rP ...
[pq] train n15_f2_s2026_rQ ...
[pq] train n15_f3_s2026_rP ...
[pq] train n15_f3_s2026_rQ ...
[pq] train n15_f4_s2026_rP ...
[pq] train n15_f4_s2026_rQ ...
[pq] train n15_f5_s2026_rP ...
[pq] train n15_f5_s2026_rQ ...
[pq] train n20_f1_s2026_rP ...
[pq] train n20_f1_s2026_rQ ...
[pq] train n20_f2_s2026_rP ...
[pq] train n20_f2_s2026_rQ ...
[pq] train n20_f3_s2026_rP ...
[pq] train n20_f3_s2026_rQ ...
[pq] train n20_f4_s2026_rP ...
[pq] train n20_f4_s2026_rQ ...
[pq] train n20_f5_s2026_rP ...
[pq] train n20_f5_s2026_rQ ...
[pq] train n7_f1_s3407_rP ...
[pq] train n7_f1_s3407_rQ ...
[pq] train n7_f2_s3407_rP ...
[pq] train n7_f2_s3407_rQ ...
[pq] train n7_f3_s3407_rP ...
[pq] train n7_f3_s3407_rQ ...
[pq] train n7_f4_s3407_rP ...
[pq] train n7_f4_s3407_rQ ...
[pq] train n7_f5_s3407_rP ...
[pq] train n7_f5_s3407_rQ ...
[pq] train n10_f1_s3407_rP ...
[pq] train n10_f1_s3407_rQ ...
[pq] train n10_f2_s3407_rP ...
[pq] train n10_f2_s3407_rQ ...
[pq] train n10_f3_s3407_rP ...
[pq] train n10_f3_s3407_rQ ...
[pq] train n10_f4_s3407_rP ...
[pq] train n10_f4_s3407_rQ ...
[pq] train n10_f5_s3407_rP ...
[pq] train n10_f5_s3407_rQ ...
[pq] train n15_f1_s3407_rP ...
[pq] train n15_f1_s3407_rQ ...
[pq] train n15_f2_s3407_rP ...
[pq] train n15_f2_s3407_rQ ...
[pq] train n15_f3_s3407_rP ...
[pq] train n15_f3_s3407_rQ ...
[pq] train n15_f4_s3407_rP ...
[pq] train n15_f4_s3407_rQ ...
[pq] train n15_f5_s3407_rP ...
[pq] train n15_f5_s3407_rQ ...
[pq] train n20_f1_s3407_rP ...
[pq] train n20_f1_s3407_rQ ...
[pq] train n20_f2_s3407_rP ...
[pq] train n20_f2_s3407_rQ ...
[pq] train n20_f3_s3407_rP ...
[pq] train n20_f3_s3407_rQ ...
[pq] train n20_f4_s3407_rP ...
[pq] train n20_f4_s3407_rQ ...
[pq] train n20_f5_s3407_rP ...
[pq] train n20_f5_s3407_rQ ...
[pq] done=120 skipped=0
